../Core/Src/main.c:125:5:main	24	static
../Core/Src/main.c:240:6:SystemClock_Config	88	static
../Core/Src/main.c:287:13:MX_USART1_UART_Init	8	static
../Core/Src/main.c:335:13:MX_USART3_UART_Init	8	static
../Core/Src/main.c:381:13:MX_DMA_Init	16	static
../Core/Src/main.c:400:13:MX_GPIO_Init	48	static
../Core/Src/main.c:440:6:HAL_GPIO_EXTI_Callback	16	static
../Core/Src/main.c:449:6:HAL_UART_TxCpltCallback	16	static
../Core/Src/main.c:458:6:HAL_UART_RxCpltCallback	16	static
../Core/Src/main.c:486:6:parse_gnrmc	112	static
../Core/Src/main.c:502:6:Process_GNRMC_Data	16	static
../Core/Src/main.c:516:9:checkResponse	16	static
../Core/Src/main.c:526:6:Config_GPS_Modul	112	static
../Core/Src/main.c:581:6:Config_GPS_Modul_Iteration	16	static
../Core/Src/main.c:646:6:send_ubx_message	24	static
../Core/Src/main.c:651:6:Store_GPS_Data	272	static
../Core/Src/main.c:694:5:GPS_Check_ACK	24	static
../Core/Src/main.c:709:6:convertToHex	16	static
../Core/Src/main.c:725:6:Error_Handler	4	static,ignoring_inline_asm
